OpenJDK 64-Bit Server VM (25.45-b02) for linux-amd64 JRE (1.8.0_45-internal-b14), built on Apr 20 2015 00:35:04 by "buildd" with gcc 4.9.2
Memory: 4k page, physical 4047068k(3543704k free), swap 522236k(522236k free)
CommandLine flags: -XX:+DisableExplicitGC -XX:InitialHeapSize=1073741824 -XX:InitiatingHeapOccupancyPercent=35 -XX:+ManagementServer -XX:MaxGCPauseMillis=20 -XX:MaxHeapSize=1073741824 -XX:+PrintGC -XX:+PrintGCDateStamps -XX:+PrintGCDetails -XX:+PrintGCTimeStamps -XX:+UseCompressedClassPointers -XX:+UseCompressedOops -XX:+UseG1GC 
2016-12-14T09:44:53.844+0000: 1.444: [GC pause (G1 Evacuation Pause) (young), 0.0093287 secs]
   [Parallel Time: 6.9 ms, GC Workers: 4]
      [GC Worker Start (ms): Min: 1443.6, Avg: 1444.4, Max: 1445.1, Diff: 1.5]
      [Ext Root Scanning (ms): Min: 0.0, Avg: 1.6, Max: 5.7, Diff: 5.7, Sum: 6.5]
      [Update RS (ms): Min: 0.0, Avg: 0.0, Max: 0.0, Diff: 0.0, Sum: 0.0]
         [Processed Buffers: Min: 0, Avg: 0.0, Max: 0, Diff: 0, Sum: 0]
      [Scan RS (ms): Min: 0.0, Avg: 0.0, Max: 0.0, Diff: 0.0, Sum: 0.1]
      [Code Root Scanning (ms): Min: 0.0, Avg: 2.1, Max: 4.3, Diff: 4.3, Sum: 8.6]
      [Object Copy (ms): Min: 0.6, Avg: 1.9, Max: 5.2, Diff: 4.6, Sum: 7.5]
      [Termination (ms): Min: 0.0, Avg: 0.4, Max: 0.5, Diff: 0.5, Sum: 1.6]
      [GC Worker Other (ms): Min: 0.0, Avg: 0.0, Max: 0.0, Diff: 0.0, Sum: 0.1]
      [GC Worker Total (ms): Min: 5.3, Avg: 6.1, Max: 6.9, Diff: 1.5, Sum: 24.2]
      [GC Worker End (ms): Min: 1450.5, Avg: 1450.5, Max: 1450.5, Diff: 0.0]
   [Code Root Fixup: 0.1 ms]
   [Code Root Purge: 0.0 ms]
   [Clear CT: 0.3 ms]
   [Other: 2.0 ms]
      [Choose CSet: 0.0 ms]
      [Ref Proc: 1.6 ms]
      [Ref Enq: 0.0 ms]
      [Redirty Cards: 0.1 ms]
      [Humongous Reclaim: 0.0 ms]
      [Free CSet: 0.0 ms]
   [Eden: 51.0M(51.0M)->0.0B(44.0M) Survivors: 0.0B->7168.0K Heap: 51.0M(1024.0M)->7852.5K(1024.0M)]
 [Times: user=0.01 sys=0.00, real=0.02 secs] 
2016-12-14T09:44:54.673+0000: 2.273: [GC pause (G1 Evacuation Pause) (young), 0.0095539 secs]
   [Parallel Time: 4.6 ms, GC Workers: 4]
      [GC Worker Start (ms): Min: 2273.0, Avg: 2273.1, Max: 2273.3, Diff: 0.3]
      [Ext Root Scanning (ms): Min: 0.4, Avg: 1.3, Max: 3.3, Diff: 2.9, Sum: 5.2]
      [Update RS (ms): Min: 0.0, Avg: 0.0, Max: 0.1, Diff: 0.1, Sum: 0.1]
         [Processed Buffers: Min: 0, Avg: 0.2, Max: 1, Diff: 1, Sum: 1]
      [Scan RS (ms): Min: 0.0, Avg: 0.0, Max: 0.0, Diff: 0.0, Sum: 0.1]
      [Code Root Scanning (ms): Min: 0.0, Avg: 0.2, Max: 0.5, Diff: 0.5, Sum: 0.8]
      [Object Copy (ms): Min: 0.5, Avg: 2.3, Max: 3.1, Diff: 2.6, Sum: 9.3]
      [Termination (ms): Min: 0.0, Avg: 0.4, Max: 0.5, Diff: 0.5, Sum: 1.6]
      [GC Worker Other (ms): Min: 0.0, Avg: 0.0, Max: 0.0, Diff: 0.0, Sum: 0.1]
      [GC Worker Total (ms): Min: 4.1, Avg: 4.3, Max: 4.4, Diff: 0.3, Sum: 17.1]
      [GC Worker End (ms): Min: 2277.4, Avg: 2277.4, Max: 2277.4, Diff: 0.0]
   [Code Root Fixup: 0.2 ms]
   [Code Root Purge: 0.0 ms]
   [Clear CT: 0.4 ms]
   [Other: 4.4 ms]
      [Choose CSet: 0.0 ms]
      [Ref Proc: 3.8 ms]
      [Ref Enq: 0.0 ms]
      [Redirty Cards: 0.3 ms]
      [Humongous Reclaim: 0.0 ms]
      [Free CSet: 0.1 ms]
   [Eden: 44.0M(44.0M)->0.0B(44.0M) Survivors: 7168.0K->7168.0K Heap: 179.7M(1024.0M)->138.5M(1024.0M)]
 [Times: user=0.02 sys=0.00, real=0.00 secs] 
2016-12-14T09:44:54.864+0000: 2.464: [GC pause (Metadata GC Threshold) (young) (initial-mark), 0.0103789 secs]
   [Parallel Time: 8.4 ms, GC Workers: 4]
      [GC Worker Start (ms): Min: 2463.7, Avg: 2464.2, Max: 2464.5, Diff: 0.8]
      [Ext Root Scanning (ms): Min: 3.0, Avg: 3.4, Max: 3.9, Diff: 0.9, Sum: 13.6]
      [Update RS (ms): Min: 0.0, Avg: 0.1, Max: 0.2, Diff: 0.2, Sum: 0.3]
         [Processed Buffers: Min: 0, Avg: 1.0, Max: 2, Diff: 2, Sum: 4]
      [Scan RS (ms): Min: 0.0, Avg: 0.0, Max: 0.0, Diff: 0.0, Sum: 0.0]
      [Code Root Scanning (ms): Min: 0.0, Avg: 0.4, Max: 1.4, Diff: 1.4, Sum: 1.6]
      [Object Copy (ms): Min: 3.0, Avg: 3.9, Max: 4.4, Diff: 1.4, Sum: 15.6]
      [Termination (ms): Min: 0.0, Avg: 0.0, Max: 0.0, Diff: 0.0, Sum: 0.0]
      [GC Worker Other (ms): Min: 0.0, Avg: 0.0, Max: 0.0, Diff: 0.0, Sum: 0.1]
      [GC Worker Total (ms): Min: 7.6, Avg: 7.8, Max: 8.3, Diff: 0.8, Sum: 31.2]
      [GC Worker End (ms): Min: 2472.0, Avg: 2472.0, Max: 2472.0, Diff: 0.0]
   [Code Root Fixup: 0.2 ms]
   [Code Root Purge: 0.0 ms]
   [Clear CT: 0.3 ms]
   [Other: 1.5 ms]
      [Choose CSet: 0.0 ms]
      [Ref Proc: 0.8 ms]
      [Ref Enq: 0.0 ms]
      [Redirty Cards: 0.4 ms]
      [Humongous Reclaim: 0.0 ms]
      [Free CSet: 0.0 ms]
   [Eden: 13.0M(44.0M)->0.0B(46.0M) Survivors: 7168.0K->5120.0K Heap: 150.9M(1024.0M)->138.4M(1024.0M)]
 [Times: user=0.02 sys=0.01, real=0.02 secs] 
2016-12-14T09:44:54.875+0000: 2.474: [GC concurrent-root-region-scan-start]
2016-12-14T09:44:54.877+0000: 2.476: [GC concurrent-root-region-scan-end, 0.0021724 secs]
2016-12-14T09:44:54.877+0000: 2.476: [GC concurrent-mark-start]
2016-12-14T09:44:54.880+0000: 2.480: [GC concurrent-mark-end, 0.0034907 secs]
2016-12-14T09:44:54.882+0000: 2.481: [GC remark 2.482: [Finalize Marking, 0.0004931 secs] 2.482: [GC ref-proc, 0.0001804 secs] 2.482: [Unloading, 0.0019742 secs], 0.0045354 secs]
 [Times: user=0.00 sys=0.00, real=0.01 secs] 
2016-12-14T09:44:54.887+0000: 2.486: [GC cleanup 138M->135M(1024M), 0.0022963 secs]
 [Times: user=0.00 sys=0.01, real=0.00 secs] 
2016-12-14T09:44:54.889+0000: 2.489: [GC concurrent-cleanup-start]
2016-12-14T09:44:54.889+0000: 2.489: [GC concurrent-cleanup-end, 0.0000132 secs]
2016-12-14T09:46:23.232+0000: 90.832: [GC pause (G1 Evacuation Pause) (young), 0.0101165 secs]
   [Parallel Time: 7.8 ms, GC Workers: 4]
      [GC Worker Start (ms): Min: 90832.4, Avg: 90835.4, Max: 90836.5, Diff: 4.1]
      [Ext Root Scanning (ms): Min: 0.0, Avg: 0.4, Max: 1.6, Diff: 1.6, Sum: 1.6]
      [Update RS (ms): Min: 0.0, Avg: 0.2, Max: 0.9, Diff: 0.9, Sum: 0.9]
         [Processed Buffers: Min: 0, Avg: 6.8, Max: 27, Diff: 27, Sum: 27]
      [Scan RS (ms): Min: 0.0, Avg: 0.1, Max: 0.3, Diff: 0.3, Sum: 0.5]
      [Code Root Scanning (ms): Min: 0.0, Avg: 1.2, Max: 4.6, Diff: 4.6, Sum: 4.6]
      [Object Copy (ms): Min: 0.4, Avg: 2.3, Max: 3.0, Diff: 2.6, Sum: 9.3]
      [Termination (ms): Min: 0.0, Avg: 0.5, Max: 0.7, Diff: 0.7, Sum: 2.0]
      [GC Worker Other (ms): Min: 0.0, Avg: 0.0, Max: 0.0, Diff: 0.0, Sum: 0.1]
      [GC Worker Total (ms): Min: 3.7, Avg: 4.7, Max: 7.8, Diff: 4.1, Sum: 18.9]
      [GC Worker End (ms): Min: 90840.2, Avg: 90840.2, Max: 90840.2, Diff: 0.0]
   [Code Root Fixup: 0.3 ms]
   [Code Root Purge: 0.0 ms]
   [Clear CT: 0.3 ms]
   [Other: 1.7 ms]
      [Choose CSet: 0.0 ms]
      [Ref Proc: 0.9 ms]
      [Ref Enq: 0.0 ms]
      [Redirty Cards: 0.2 ms]
      [Humongous Reclaim: 0.0 ms]
      [Free CSet: 0.1 ms]
   [Eden: 46.0M(46.0M)->0.0B(45.0M) Survivors: 5120.0K->6144.0K Heap: 181.4M(1024.0M)->136.9M(1024.0M)]
 [Times: user=0.02 sys=0.00, real=0.01 secs] 
2016-12-14T09:46:26.191+0000: 93.791: [GC pause (G1 Evacuation Pause) (young), 0.0179775 secs]
   [Parallel Time: 15.7 ms, GC Workers: 4]
      [GC Worker Start (ms): Min: 93791.2, Avg: 93798.2, Max: 93800.6, Diff: 9.4]
      [Ext Root Scanning (ms): Min: 0.0, Avg: 0.4, Max: 1.6, Diff: 1.6, Sum: 1.7]
      [Update RS (ms): Min: 0.0, Avg: 0.2, Max: 0.9, Diff: 0.9, Sum: 0.9]
         [Processed Buffers: Min: 0, Avg: 2.8, Max: 11, Diff: 11, Sum: 11]
      [Scan RS (ms): Min: 0.0, Avg: 0.0, Max: 0.1, Diff: 0.1, Sum: 0.1]
      [Code Root Scanning (ms): Min: 0.0, Avg: 0.2, Max: 0.9, Diff: 0.9, Sum: 0.9]
      [Object Copy (ms): Min: 1.5, Avg: 4.1, Max: 12.0, Diff: 10.5, Sum: 16.6]
      [Termination (ms): Min: 0.0, Avg: 3.6, Max: 4.8, Diff: 4.8, Sum: 14.3]
      [GC Worker Other (ms): Min: 0.0, Avg: 0.0, Max: 0.0, Diff: 0.0, Sum: 0.1]
      [GC Worker Total (ms): Min: 6.2, Avg: 8.6, Max: 15.6, Diff: 9.4, Sum: 34.6]
      [GC Worker End (ms): Min: 93806.8, Avg: 93806.8, Max: 93806.8, Diff: 0.0]
   [Code Root Fixup: 0.3 ms]
   [Code Root Purge: 0.0 ms]
   [Clear CT: 0.4 ms]
   [Other: 1.6 ms]
      [Choose CSet: 0.0 ms]
      [Ref Proc: 0.9 ms]
      [Ref Enq: 0.0 ms]
      [Redirty Cards: 0.3 ms]
      [Humongous Reclaim: 0.0 ms]
      [Free CSet: 0.1 ms]
   [Eden: 45.0M(45.0M)->0.0B(45.0M) Survivors: 6144.0K->6144.0K Heap: 181.9M(1024.0M)->136.5M(1024.0M)]
 [Times: user=0.03 sys=0.00, real=0.02 secs] 
2016-12-14T09:46:29.240+0000: 96.840: [GC pause (G1 Evacuation Pause) (young), 0.0121437 secs]
   [Parallel Time: 9.7 ms, GC Workers: 4]
      [GC Worker Start (ms): Min: 96840.0, Avg: 96844.6, Max: 96849.6, Diff: 9.6]
      [Ext Root Scanning (ms): Min: 0.0, Avg: 0.9, Max: 2.0, Diff: 2.0, Sum: 3.7]
      [Update RS (ms): Min: 0.0, Avg: 0.2, Max: 0.4, Diff: 0.4, Sum: 0.9]
         [Processed Buffers: Min: 0, Avg: 2.8, Max: 6, Diff: 6, Sum: 11]
      [Scan RS (ms): Min: 0.0, Avg: 0.0, Max: 0.1, Diff: 0.1, Sum: 0.2]
      [Code Root Scanning (ms): Min: 0.0, Avg: 0.4, Max: 1.4, Diff: 1.4, Sum: 1.5]
      [Object Copy (ms): Min: 0.0, Avg: 2.6, Max: 5.8, Diff: 5.8, Sum: 10.6]
      [Termination (ms): Min: 0.0, Avg: 0.8, Max: 1.2, Diff: 1.2, Sum: 3.0]
      [GC Worker Other (ms): Min: 0.0, Avg: 0.0, Max: 0.0, Diff: 0.0, Sum: 0.1]
      [GC Worker Total (ms): Min: 0.0, Avg: 5.0, Max: 9.6, Diff: 9.6, Sum: 19.9]
      [GC Worker End (ms): Min: 96849.6, Avg: 96849.6, Max: 96849.6, Diff: 0.0]
   [Code Root Fixup: 0.3 ms]
   [Code Root Purge: 0.0 ms]
   [Clear CT: 0.2 ms]
   [Other: 1.9 ms]
      [Choose CSet: 0.0 ms]
      [Ref Proc: 1.3 ms]
      [Ref Enq: 0.0 ms]
      [Redirty Cards: 0.2 ms]
      [Humongous Reclaim: 0.0 ms]
      [Free CSet: 0.0 ms]
   [Eden: 45.0M(45.0M)->0.0B(49.0M) Survivors: 6144.0K->2048.0K Heap: 181.5M(1024.0M)->134.7M(1024.0M)]
 [Times: user=0.04 sys=0.00, real=0.01 secs] 
2016-12-14T09:46:32.173+0000: 99.773: [GC pause (G1 Evacuation Pause) (young), 0.0109512 secs]
   [Parallel Time: 9.1 ms, GC Workers: 4]
      [GC Worker Start (ms): Min: 99772.7, Avg: 99777.0, Max: 99780.5, Diff: 7.9]
      [Ext Root Scanning (ms): Min: 0.0, Avg: 0.5, Max: 2.0, Diff: 2.0, Sum: 2.1]
      [Update RS (ms): Min: 0.0, Avg: 0.9, Max: 2.7, Diff: 2.7, Sum: 3.5]
         [Processed Buffers: Min: 0, Avg: 3.8, Max: 9, Diff: 9, Sum: 15]
      [Scan RS (ms): Min: 0.0, Avg: 0.0, Max: 0.1, Diff: 0.1, Sum: 0.1]
      [Code Root Scanning (ms): Min: 0.0, Avg: 0.3, Max: 1.1, Diff: 1.1, Sum: 1.2]
      [Object Copy (ms): Min: 1.1, Avg: 3.0, Max: 3.8, Diff: 2.7, Sum: 12.0]
      [Termination (ms): Min: 0.0, Avg: 0.0, Max: 0.1, Diff: 0.0, Sum: 0.2]
      [GC Worker Other (ms): Min: 0.0, Avg: 0.0, Max: 0.0, Diff: 0.0, Sum: 0.1]
      [GC Worker Total (ms): Min: 1.3, Avg: 4.8, Max: 9.1, Diff: 7.9, Sum: 19.2]
      [GC Worker End (ms): Min: 99781.8, Avg: 99781.8, Max: 99781.8, Diff: 0.0]
   [Code Root Fixup: 0.3 ms]
   [Code Root Purge: 0.0 ms]
   [Clear CT: 0.3 ms]
   [Other: 1.2 ms]
      [Choose CSet: 0.0 ms]
      [Ref Proc: 0.4 ms]
      [Ref Enq: 0.0 ms]
      [Redirty Cards: 0.5 ms]
      [Humongous Reclaim: 0.0 ms]
      [Free CSet: 0.1 ms]
   [Eden: 49.0M(49.0M)->0.0B(47.0M) Survivors: 2048.0K->4096.0K Heap: 183.7M(1024.0M)->136.2M(1024.0M)]
 [Times: user=0.02 sys=0.00, real=0.00 secs] 
2016-12-14T09:46:34.588+0000: 102.188: [GC pause (G1 Evacuation Pause) (young), 0.0067419 secs]
   [Parallel Time: 3.7 ms, GC Workers: 4]
      [GC Worker Start (ms): Min: 102188.3, Avg: 102188.3, Max: 102188.4, Diff: 0.1]
      [Ext Root Scanning (ms): Min: 0.5, Avg: 0.6, Max: 0.9, Diff: 0.4, Sum: 2.6]
      [Update RS (ms): Min: 0.2, Avg: 0.4, Max: 0.6, Diff: 0.4, Sum: 1.6]
         [Processed Buffers: Min: 1, Avg: 3.2, Max: 10, Diff: 9, Sum: 13]
      [Scan RS (ms): Min: 0.0, Avg: 0.0, Max: 0.1, Diff: 0.1, Sum: 0.2]
      [Code Root Scanning (ms): Min: 0.0, Avg: 0.3, Max: 1.3, Diff: 1.3, Sum: 1.4]
      [Object Copy (ms): Min: 1.1, Avg: 2.0, Max: 2.3, Diff: 1.2, Sum: 8.0]
      [Termination (ms): Min: 0.0, Avg: 0.0, Max: 0.0, Diff: 0.0, Sum: 0.0]
      [GC Worker Other (ms): Min: 0.0, Avg: 0.0, Max: 0.0, Diff: 0.0, Sum: 0.1]
      [GC Worker Total (ms): Min: 3.4, Avg: 3.5, Max: 3.5, Diff: 0.1, Sum: 13.8]
      [GC Worker End (ms): Min: 102191.8, Avg: 102191.8, Max: 102191.8, Diff: 0.0]
   [Code Root Fixup: 0.6 ms]
   [Code Root Purge: 0.0 ms]
   [Clear CT: 0.2 ms]
   [Other: 2.2 ms]
      [Choose CSet: 0.0 ms]
      [Ref Proc: 1.5 ms]
      [Ref Enq: 0.0 ms]
      [Redirty Cards: 0.3 ms]
      [Humongous Reclaim: 0.0 ms]
      [Free CSet: 0.1 ms]
   [Eden: 47.0M(47.0M)->0.0B(52.0M) Survivors: 4096.0K->3072.0K Heap: 183.2M(1024.0M)->135.1M(1024.0M)]
 [Times: user=0.02 sys=0.00, real=0.01 secs] 
2016-12-14T09:46:37.033+0000: 104.633: [GC pause (G1 Evacuation Pause) (young), 0.0090890 secs]
   [Parallel Time: 6.7 ms, GC Workers: 4]
      [GC Worker Start (ms): Min: 104632.7, Avg: 104634.5, Max: 104635.4, Diff: 2.7]
      [Ext Root Scanning (ms): Min: 0.0, Avg: 0.4, Max: 1.5, Diff: 1.5, Sum: 1.6]
      [Update RS (ms): Min: 0.0, Avg: 0.4, Max: 0.8, Diff: 0.7, Sum: 1.4]
         [Processed Buffers: Min: 0, Avg: 3.0, Max: 9, Diff: 9, Sum: 12]
      [Scan RS (ms): Min: 0.0, Avg: 0.0, Max: 0.1, Diff: 0.1, Sum: 0.1]
      [Code Root Scanning (ms): Min: 0.0, Avg: 1.1, Max: 3.7, Diff: 3.7, Sum: 4.3]
      [Object Copy (ms): Min: 0.0, Avg: 2.0, Max: 2.7, Diff: 2.7, Sum: 7.9]
      [Termination (ms): Min: 0.0, Avg: 0.8, Max: 1.2, Diff: 1.2, Sum: 3.2]
      [GC Worker Other (ms): Min: 0.0, Avg: 0.0, Max: 0.0, Diff: 0.0, Sum: 0.1]
      [GC Worker Total (ms): Min: 3.7, Avg: 4.6, Max: 6.5, Diff: 2.8, Sum: 18.5]
      [GC Worker End (ms): Min: 104639.0, Avg: 104639.1, Max: 104639.2, Diff: 0.2]
   [Code Root Fixup: 0.4 ms]
   [Code Root Purge: 0.0 ms]
   [Clear CT: 0.2 ms]
   [Other: 1.7 ms]
      [Choose CSet: 0.0 ms]
      [Ref Proc: 1.0 ms]
      [Ref Enq: 0.0 ms]
      [Redirty Cards: 0.2 ms]
      [Humongous Reclaim: 0.0 ms]
      [Free CSet: 0.1 ms]
   [Eden: 52.0M(52.0M)->0.0B(82.0M) Survivors: 3072.0K->4096.0K Heap: 187.1M(1024.0M)->136.6M(1024.0M)]
 [Times: user=0.02 sys=0.00, real=0.00 secs] 
2016-12-14T09:47:06.092+0000: 133.691: [GC pause (G1 Evacuation Pause) (young), 0.0094773 secs]
   [Parallel Time: 7.5 ms, GC Workers: 4]
      [GC Worker Start (ms): Min: 133691.5, Avg: 133692.6, Max: 133693.7, Diff: 2.3]
      [Ext Root Scanning (ms): Min: 0.3, Avg: 1.7, Max: 3.8, Diff: 3.5, Sum: 7.0]
      [Update RS (ms): Min: 0.0, Avg: 0.4, Max: 0.7, Diff: 0.6, Sum: 1.7]
         [Processed Buffers: Min: 0, Avg: 4.2, Max: 15, Diff: 15, Sum: 17]
      [Scan RS (ms): Min: 0.0, Avg: 0.0, Max: 0.1, Diff: 0.1, Sum: 0.2]
      [Code Root Scanning (ms): Min: 0.0, Avg: 0.2, Max: 0.8, Diff: 0.8, Sum: 1.0]
      [Object Copy (ms): Min: 3.3, Avg: 3.7, Max: 3.9, Diff: 0.7, Sum: 14.8]
      [Termination (ms): Min: 0.0, Avg: 0.1, Max: 0.2, Diff: 0.2, Sum: 0.5]
      [GC Worker Other (ms): Min: 0.0, Avg: 0.0, Max: 0.0, Diff: 0.0, Sum: 0.1]
      [GC Worker Total (ms): Min: 5.2, Avg: 6.3, Max: 7.4, Diff: 2.2, Sum: 25.2]
      [GC Worker End (ms): Min: 133698.9, Avg: 133698.9, Max: 133698.9, Diff: 0.0]
   [Code Root Fixup: 0.4 ms]
   [Code Root Purge: 0.0 ms]
   [Clear CT: 0.3 ms]
   [Other: 1.2 ms]
      [Choose CSet: 0.0 ms]
      [Ref Proc: 0.4 ms]
      [Ref Enq: 0.0 ms]
      [Redirty Cards: 0.3 ms]
      [Humongous Reclaim: 0.0 ms]
      [Free CSet: 0.1 ms]
   [Eden: 82.0M(82.0M)->0.0B(159.0M) Survivors: 4096.0K->3072.0K Heap: 218.6M(1024.0M)->135.6M(1024.0M)]
 [Times: user=0.01 sys=0.01, real=0.01 secs] 
2016-12-14T09:47:11.773+0000: 139.372: [GC pause (G1 Evacuation Pause) (young), 0.0066802 secs]
   [Parallel Time: 4.5 ms, GC Workers: 4]
      [GC Worker Start (ms): Min: 139372.5, Avg: 139373.2, Max: 139374.0, Diff: 1.5]
      [Ext Root Scanning (ms): Min: 0.3, Avg: 1.0, Max: 1.8, Diff: 1.6, Sum: 4.2]
      [Update RS (ms): Min: 0.1, Avg: 0.2, Max: 0.5, Diff: 0.4, Sum: 1.0]
         [Processed Buffers: Min: 1, Avg: 2.8, Max: 8, Diff: 7, Sum: 11]
      [Scan RS (ms): Min: 0.0, Avg: 0.1, Max: 0.1, Diff: 0.1, Sum: 0.3]
      [Code Root Scanning (ms): Min: 0.0, Avg: 0.3, Max: 0.5, Diff: 0.5, Sum: 1.1]
      [Object Copy (ms): Min: 1.8, Avg: 2.0, Max: 2.1, Diff: 0.3, Sum: 7.9]
      [Termination (ms): Min: 0.0, Avg: 0.0, Max: 0.0, Diff: 0.0, Sum: 0.0]
      [GC Worker Other (ms): Min: 0.0, Avg: 0.0, Max: 0.0, Diff: 0.0, Sum: 0.1]
      [GC Worker Total (ms): Min: 2.9, Avg: 3.7, Max: 4.4, Diff: 1.5, Sum: 14.7]
      [GC Worker End (ms): Min: 139376.9, Avg: 139376.9, Max: 139376.9, Diff: 0.0]
   [Code Root Fixup: 0.3 ms]
   [Code Root Purge: 0.0 ms]
   [Clear CT: 0.3 ms]
   [Other: 1.5 ms]
      [Choose CSet: 0.0 ms]
      [Ref Proc: 0.9 ms]
      [Ref Enq: 0.0 ms]
      [Redirty Cards: 0.2 ms]
      [Humongous Reclaim: 0.0 ms]
      [Free CSet: 0.1 ms]
   [Eden: 159.0M(159.0M)->0.0B(246.0M) Survivors: 3072.0K->4096.0K Heap: 294.6M(1024.0M)->136.6M(1024.0M)]
 [Times: user=0.02 sys=0.01, real=0.01 secs] 
